Flutter crash report.
Please report a bug at https://github.com/flutter/flutter/issues.

## command

flutter run

## exception

SocketException: SocketException: Send failed (OS Error: No route to host, errno = 65), address = 0.0.0.0, port = 5353

```
#0      _NativeSocket.send (dart:io-patch/socket_patch.dart:1275:34)
#1      _RawDatagramSocket.send (dart:io-patch/socket_patch.dart:2590:15)
#2      MDnsClient.lookup (package:multicast_dns/multicast_dns.dart:219:22)
#3      MDnsVmServiceDiscovery._pollingVmService (package:flutter_tools/src/mdns_discovery.dart:236:36)
<asynchronous suspension>
#4      MDnsVmServiceDiscovery.firstMatchingVmService (package:flutter_tools/src/mdns_discovery.dart:189:56)
<asynchronous suspension>
#5      MDnsVmServiceDiscovery.getVMServiceUriForLaunch (package:flutter_tools/src/mdns_discovery.dart:452:50)
<asynchronous suspension>
#6      Future.any.onValue (dart:async/future.dart:614:5)
<asynchronous suspension>
```

## flutter doctor

```
[32m[✓][39m Flutter (Channel stable, 3.27.3, on macOS 15.4.1 24E263 darwin-arm64, locale en-BR)
    [32m•[39m Flutter version 3.27.3 on channel stable at /Users/kenji/ff_flutter_sdk/flutter
    [32m•[39m Upstream repository https://github.com/flutter/flutter.git
    [32m•[39m Framework revision c519ee916e (3 months ago), 2025-01-21 10:32:23 -0800
    [32m•[39m Engine revision e672b006cb
    [32m•[39m Dart version 3.6.1
    [32m•[39m DevTools version 2.40.2

[31m[✗][39m Android toolchain - develop for Android devices
    [31m✗[39m Unable to locate Android SDK.
      Install Android Studio from: https://developer.android.com/studio/index.html
      On first launch it will assist you in installing the Android SDK components.
      (or visit https://flutter.dev/to/macos-android-setup for detailed instructions).
      If the Android SDK has been installed to a custom location, please use
      `flutter config --android-sdk` to update to that location.


[32m[✓][39m Xcode - develop for iOS and macOS (Xcode 16.3)
    [32m•[39m Xcode at /Applications/Xcode.app/Contents/Developer
    [32m•[39m Build 16E140
    [32m•[39m CocoaPods version 1.16.2

[32m[✓][39m Chrome - develop for the web
    [32m•[39m Chrome at /Applications/Google Chrome.app/Contents/MacOS/Google Chrome

[33m[!][39m Android Studio (not installed)
    [32m•[39m Android Studio not found; download from https://developer.android.com/studio/index.html
      (or visit https://flutter.dev/to/macos-android-setup for detailed instructions).

[32m[✓][39m VS Code (version 1.99.3)
    [32m•[39m VS Code at /Applications/Visual Studio Code.app/Contents
    [32m•[39m Flutter extension version 3.110.0

[32m[✓][39m Connected device (4 available)
    [32m•[39m iPhone de Kenji (mobile)        • 00008030-0015599E0120802E • ios            • iOS 18.4.1 22E252
    [32m•[39m macOS (desktop)                 • macos                     • darwin-arm64   • macOS 15.4.1 24E263 darwin-arm64
    [32m•[39m Mac Designed for iPad (desktop) • mac-designed-for-ipad     • darwin         • macOS 15.4.1 24E263 darwin-arm64
    [32m•[39m Chrome (web)                    • chrome                    • web-javascript • Google Chrome 136.0.7103.49

[32m[✓][39m Network resources
    [32m•[39m All expected network resources are available.

[33m![39m Doctor found issues in 2 categories.
```
